  Determining projects to restore...
  All projects are up-to-date for restore.
C:\Users\Lenovo\Downloads\8\ECommerce.Domain\DTOs\ApiErrorResponse.cs(1,28): error CS0234: The type or namespace name 'Mvc' does not exist in the namespace 'Microsoft.AspNetCore' (are you missing an assembly reference?) [C:\Users\Lenovo\Downloads\8\ECommerce.Domain\ECommerce.Domain.csproj]
C:\Users\Lenovo\Downloads\8\ECommerce.Domain\DTOs\cartdto\updatecartitem.cs(1,28): error CS0234: The type or namespace name 'Mvc' does not exist in the namespace 'Microsoft.AspNetCore' (are you missing an assembly reference?) [C:\Users\Lenovo\Downloads\8\ECommerce.Domain\ECommerce.Domain.csproj]
C:\Users\Lenovo\Downloads\8\ECommerce.Domain\DTOs\couponsdto\couponresponsedto.cs(1,7): error CS0246: The type or namespace name 'e_comerce_api' could not be found (are you missing a using directive or an assembly reference?) [C:\Users\Lenovo\Downloads\8\ECommerce.Domain\ECommerce.Domain.csproj]
C:\Users\Lenovo\Downloads\8\ECommerce.Domain\Interfaces\Icartreprosity.cs(1,7): error CS0246: The type or namespace name 'e_comerce_api' could not be found (are you missing a using directive or an assembly reference?) [C:\Users\Lenovo\Downloads\8\ECommerce.Domain\ECommerce.Domain.csproj]
C:\Users\Lenovo\Downloads\8\ECommerce.Domain\Interfaces\ICopounereprosity.cs(1,7): error CS0246: The type or namespace name 'e_comerce_api' could not be found (are you missing a using directive or an assembly reference?) [C:\Users\Lenovo\Downloads\8\ECommerce.Domain\ECommerce.Domain.csproj]
C:\Users\Lenovo\Downloads\8\ECommerce.Domain\Interfaces\Iorderreprosity.cs(2,7): error CS0246: The type or namespace name 'e_comerce_api' could not be found (are you missing a using directive or an assembly reference?) [C:\Users\Lenovo\Downloads\8\ECommerce.Domain\ECommerce.Domain.csproj]
C:\Users\Lenovo\Downloads\8\ECommerce.Domain\Models\customer.cs(1,17): error CS0234: The type or namespace name 'Infrastructure' does not exist in the namespace 'ECommerce' (are you missing an assembly reference?) [C:\Users\Lenovo\Downloads\8\ECommerce.Domain\ECommerce.Domain.csproj]
C:\Users\Lenovo\Downloads\8\ECommerce.Domain\Models\order.cs(3,14): error CS0246: The type or namespace name 'Azure' could not be found (are you missing a using directive or an assembly reference?) [C:\Users\Lenovo\Downloads\8\ECommerce.Domain\ECommerce.Domain.csproj]
C:\Users\Lenovo\Downloads\8\ECommerce.Domain\Models\ProductAttributiesValue.cs(1,28): error CS0234: The type or namespace name 'Mvc' does not exist in the namespace 'Microsoft.AspNetCore' (are you missing an assembly reference?) [C:\Users\Lenovo\Downloads\8\ECommerce.Domain\ECommerce.Domain.csproj]
C:\Users\Lenovo\Downloads\8\ECommerce.Domain\Enums\cartstatueenum.cs(3,17): warning CS8981: The type name 'cartstatue' only contains lower-cased ascii characters. Such names may become reserved for the language. [C:\Users\Lenovo\Downloads\8\ECommerce.Domain\ECommerce.Domain.csproj]
C:\Users\Lenovo\Downloads\8\ECommerce.Domain\Enums\sortdirection.cs(3,17): warning CS8981: The type name 'sortdirection' only contains lower-cased ascii characters. Such names may become reserved for the language. [C:\Users\Lenovo\Downloads\8\ECommerce.Domain\ECommerce.Domain.csproj]
C:\Users\Lenovo\Downloads\8\ECommerce.Domain\DTOs\addproductattrvaluedto.cs(3,18): warning CS8981: The type name 'addproductattrvaluedto' only contains lower-cased ascii characters. Such names may become reserved for the language. [C:\Users\Lenovo\Downloads\8\ECommerce.Domain\ECommerce.Domain.csproj]
C:\Users\Lenovo\Downloads\8\ECommerce.Domain\DTOs\addproductattrvaluedto.cs(10,18): warning CS8981: The type name 'productattributevalueresponse' only contains lower-cased ascii characters. Such names may become reserved for the language. [C:\Users\Lenovo\Downloads\8\ECommerce.Domain\ECommerce.Domain.csproj]
C:\Users\Lenovo\Downloads\8\ECommerce.Domain\DTOs\Addproductvariantdto.cs(46,18): warning CS8981: The type name 'productvariantresponsedto' only contains lower-cased ascii characters. Such names may become reserved for the language. [C:\Users\Lenovo\Downloads\8\ECommerce.Domain\ECommerce.Domain.csproj]
C:\Users\Lenovo\Downloads\8\ECommerce.Domain\Interfaces\Icartreprosity.cs(10,14): error CS0246: The type or namespace name 'cartdto' could not be found (are you missing a using directive or an assembly reference?) [C:\Users\Lenovo\Downloads\8\ECommerce.Domain\ECommerce.Domain.csproj]
C:\Users\Lenovo\Downloads\8\ECommerce.Domain\DTOs\addproductattrvaluedto.cs(14,18): warning CS8981: The type name 'updateproductattributevaluedto' only contains lower-cased ascii characters. Such names may become reserved for the language. [C:\Users\Lenovo\Downloads\8\ECommerce.Domain\ECommerce.Domain.csproj]
C:\Users\Lenovo\Downloads\8\ECommerce.Domain\Models\address.cs(6,18): warning CS8981: The type name 'address' only contains lower-cased ascii characters. Such names may become reserved for the language. [C:\Users\Lenovo\Downloads\8\ECommerce.Domain\ECommerce.Domain.csproj]
C:\Users\Lenovo\Downloads\8\ECommerce.Domain\DTOs\ApiErrorResponse.cs(5,39): error CS0246: The type or namespace name 'ModelStateDictionary' could not be found (are you missing a using directive or an assembly reference?) [C:\Users\Lenovo\Downloads\8\ECommerce.Domain\ECommerce.Domain.csproj]
C:\Users\Lenovo\Downloads\8\ECommerce.Domain\Interfaces\Icartreprosity.cs(12,14): error CS0246: The type or namespace name 'CartItemDto' could not be found (are you missing a using directive or an assembly reference?) [C:\Users\Lenovo\Downloads\8\ECommerce.Domain\ECommerce.Domain.csproj]
C:\Users\Lenovo\Downloads\8\ECommerce.Domain\Models\applicationuser.cs(6,18): warning CS8981: The type name 'applicationuser' only contains lower-cased ascii characters. Such names may become reserved for the language. [C:\Users\Lenovo\Downloads\8\ECommerce.Domain\ECommerce.Domain.csproj]
C:\Users\Lenovo\Downloads\8\ECommerce.Domain\DTOs\Addproductvariantdto.cs(34,16): error CS0246: The type or namespace name 'IFormFile' could not be found (are you missing a using directive or an assembly reference?) [C:\Users\Lenovo\Downloads\8\ECommerce.Domain\ECommerce.Domain.csproj]
C:\Users\Lenovo\Downloads\8\ECommerce.Domain\DTOs\AuthDto.cs(35,18): warning CS8981: The type name 'registerdto' only contains lower-cased ascii characters. Such names may become reserved for the language. [C:\Users\Lenovo\Downloads\8\ECommerce.Domain\ECommerce.Domain.csproj]
C:\Users\Lenovo\Downloads\8\ECommerce.Domain\Interfaces\Icartreprosity.cs(15,55): error CS0246: The type or namespace name 'cartiteminputdto' could not be found (are you missing a using directive or an assembly reference?) [C:\Users\Lenovo\Downloads\8\ECommerce.Domain\ECommerce.Domain.csproj]
C:\Users\Lenovo\Downloads\8\ECommerce.Domain\Interfaces\Icartreprosity.cs(15,14): error CS0246: The type or namespace name 'CartItemDto' could not be found (are you missing a using directive or an assembly reference?) [C:\Users\Lenovo\Downloads\8\ECommerce.Domain\ECommerce.Domain.csproj]
C:\Users\Lenovo\Downloads\8\ECommerce.Domain\DTOs\AuthDto.cs(51,18): warning CS8981: The type name 'addressdto' only contains lower-cased ascii characters. Such names may become reserved for the language. [C:\Users\Lenovo\Downloads\8\ECommerce.Domain\ECommerce.Domain.csproj]
C:\Users\Lenovo\Downloads\8\ECommerce.Domain\Models\category.cs(5,18): warning CS8981: The type name 'category' only contains lower-cased ascii characters. Such names may become reserved for the language. [C:\Users\Lenovo\Downloads\8\ECommerce.Domain\ECommerce.Domain.csproj]
C:\Users\Lenovo\Downloads\8\ECommerce.Domain\DTOs\AuthDto.cs(61,18): warning CS8981: The type name 'logindto' only contains lower-cased ascii characters. Such names may become reserved for the language. [C:\Users\Lenovo\Downloads\8\ECommerce.Domain\ECommerce.Domain.csproj]
C:\Users\Lenovo\Downloads\8\ECommerce.Domain\Interfaces\Icartreprosity.cs(18,65): error CS0246: The type or namespace name 'updatecartitem' could not be found (are you missing a using directive or an assembly reference?) [C:\Users\Lenovo\Downloads\8\ECommerce.Domain\ECommerce.Domain.csproj]
C:\Users\Lenovo\Downloads\8\ECommerce.Domain\Interfaces\Icartreprosity.cs(18,14): error CS0246: The type or namespace name 'CartItemDto' could not be found (are you missing a using directive or an assembly reference?) [C:\Users\Lenovo\Downloads\8\ECommerce.Domain\ECommerce.Domain.csproj]
C:\Users\Lenovo\Downloads\8\ECommerce.Domain\DTOs\AuthDto.cs(68,18): warning CS8981: The type name 'roledto' only contains lower-cased ascii characters. Such names may become reserved for the language. [C:\Users\Lenovo\Downloads\8\ECommerce.Domain\ECommerce.Domain.csproj]
C:\Users\Lenovo\Downloads\8\ECommerce.Domain\Models\admin.cs(6,18): warning CS8981: The type name 'admin' only contains lower-cased ascii characters. Such names may become reserved for the language. [C:\Users\Lenovo\Downloads\8\ECommerce.Domain\ECommerce.Domain.csproj]
C:\Users\Lenovo\Downloads\8\ECommerce.Domain\DTOs\CategoryDto.cs(13,16): error CS0246: The type or namespace name 'IFormFile' could not be found (are you missing a using directive or an assembly reference?) [C:\Users\Lenovo\Downloads\8\ECommerce.Domain\ECommerce.Domain.csproj]
C:\Users\Lenovo\Downloads\8\ECommerce.Domain\DTOs\cartdto\cartdto.cs(5,18): warning CS8981: The type name 'cartdto' only contains lower-cased ascii characters. Such names may become reserved for the language. [C:\Users\Lenovo\Downloads\8\ECommerce.Domain\ECommerce.Domain.csproj]
C:\Users\Lenovo\Downloads\8\ECommerce.Domain\DTOs\CategoryDto.cs(16,18): warning CS8981: The type name 'categoryresponse' only contains lower-cased ascii characters. Such names may become reserved for the language. [C:\Users\Lenovo\Downloads\8\ECommerce.Domain\ECommerce.Domain.csproj]
C:\Users\Lenovo\Downloads\8\ECommerce.Domain\Interfaces\ICopounereprosity.cs(7,54): error CS0246: The type or namespace name 'createcouponinputdto' could not be found (are you missing a using directive or an assembly reference?) [C:\Users\Lenovo\Downloads\8\ECommerce.Domain\ECommerce.Domain.csproj]
C:\Users\Lenovo\Downloads\8\ECommerce.Domain\Interfaces\ICopounereprosity.cs(7,21): error CS0246: The type or namespace name 'couponresponsedto' could not be found (are you missing a using directive or an assembly reference?) [C:\Users\Lenovo\Downloads\8\ECommerce.Domain\ECommerce.Domain.csproj]
C:\Users\Lenovo\Downloads\8\ECommerce.Domain\DTOs\CategoryDto.cs(27,16): error CS0246: The type or namespace name 'IFormFile' could not be found (are you missing a using directive or an assembly reference?) [C:\Users\Lenovo\Downloads\8\ECommerce.Domain\ECommerce.Domain.csproj]
C:\Users\Lenovo\Downloads\8\ECommerce.Domain\DTOs\CategoryDto.cs(20,18): warning CS8981: The type name 'updatecatresponsedto' only contains lower-cased ascii characters. Such names may become reserved for the language. [C:\Users\Lenovo\Downloads\8\ECommerce.Domain\ECommerce.Domain.csproj]
C:\Users\Lenovo\Downloads\8\ECommerce.Domain\Models\customer.cs(7,18): warning CS8981: The type name 'customer' only contains lower-cased ascii characters. Such names may become reserved for the language. [C:\Users\Lenovo\Downloads\8\ECommerce.Domain\ECommerce.Domain.csproj]
C:\Users\Lenovo\Downloads\8\ECommerce.Domain\Models\order.cs(7,18): warning CS8981: The type name 'order' only contains lower-cased ascii characters. Such names may become reserved for the language. [C:\Users\Lenovo\Downloads\8\ECommerce.Domain\ECommerce.Domain.csproj]
C:\Users\Lenovo\Downloads\8\ECommerce.Domain\DTOs\cartdto\cartiteminputdto.cs(5,18): warning CS8981: The type name 'cartiteminputdto' only contains lower-cased ascii characters. Such names may become reserved for the language. [C:\Users\Lenovo\Downloads\8\ECommerce.Domain\ECommerce.Domain.csproj]
C:\Users\Lenovo\Downloads\8\ECommerce.Domain\Interfaces\ICopounereprosity.cs(9,21): error CS0246: The type or namespace name 'couponresponsedto' could not be found (are you missing a using directive or an assembly reference?) [C:\Users\Lenovo\Downloads\8\ECommerce.Domain\ECommerce.Domain.csproj]
C:\Users\Lenovo\Downloads\8\ECommerce.Domain\Interfaces\Iorderreprosity.cs(8,44): error CS0246: The type or namespace name 'createorderdto' could not be found (are you missing a using directive or an assembly reference?) [C:\Users\Lenovo\Downloads\8\ECommerce.Domain\ECommerce.Domain.csproj]
C:\Users\Lenovo\Downloads\8\ECommerce.Domain\Interfaces\Iorderreprosity.cs(8,14): error CS0246: The type or namespace name 'orderresponsedto' could not be found (are you missing a using directive or an assembly reference?) [C:\Users\Lenovo\Downloads\8\ECommerce.Domain\ECommerce.Domain.csproj]
C:\Users\Lenovo\Downloads\8\ECommerce.Domain\DTOs\cartdto\updatecartitem.cs(6,18): warning CS8981: The type name 'updatecartitem' only contains lower-cased ascii characters. Such names may become reserved for the language. [C:\Users\Lenovo\Downloads\8\ECommerce.Domain\ECommerce.Domain.csproj]
C:\Users\Lenovo\Downloads\8\ECommerce.Domain\Interfaces\Iorderreprosity.cs(9,14): error CS0246: The type or namespace name 'orderresponsedto' could not be found (are you missing a using directive or an assembly reference?) [C:\Users\Lenovo\Downloads\8\ECommerce.Domain\ECommerce.Domain.csproj]
C:\Users\Lenovo\Downloads\8\ECommerce.Domain\DTOs\couponsdto\couponresponsedto.cs(5,18): warning CS8981: The type name 'couponresponsedto' only contains lower-cased ascii characters. Such names may become reserved for the language. [C:\Users\Lenovo\Downloads\8\ECommerce.Domain\ECommerce.Domain.csproj]
C:\Users\Lenovo\Downloads\8\ECommerce.Domain\Interfaces\ICopounereprosity.cs(10,54): error CS0246: The type or namespace name 'updatecouponedto' could not be found (are you missing a using directive or an assembly reference?) [C:\Users\Lenovo\Downloads\8\ECommerce.Domain\ECommerce.Domain.csproj]
C:\Users\Lenovo\Downloads\8\ECommerce.Domain\Interfaces\ICopounereprosity.cs(10,21): error CS0246: The type or namespace name 'couponresponsedto' could not be found (are you missing a using directive or an assembly reference?) [C:\Users\Lenovo\Downloads\8\ECommerce.Domain\ECommerce.Domain.csproj]
C:\Users\Lenovo\Downloads\8\ECommerce.Domain\Interfaces\Iorderreprosity.cs(10,19): error CS0246: The type or namespace name 'orderresponsedto' could not be found (are you missing a using directive or an assembly reference?) [C:\Users\Lenovo\Downloads\8\ECommerce.Domain\ECommerce.Domain.csproj]
C:\Users\Lenovo\Downloads\8\ECommerce.Domain\Interfaces\Iorderreprosity.cs(12,19): error CS0246: The type or namespace name 'orderresponsedto' could not be found (are you missing a using directive or an assembly reference?) [C:\Users\Lenovo\Downloads\8\ECommerce.Domain\ECommerce.Domain.csproj]
C:\Users\Lenovo\Downloads\8\ECommerce.Domain\Models\productview.cs(6,18): warning CS8981: The type name 'productview' only contains lower-cased ascii characters. Such names may become reserved for the language. [C:\Users\Lenovo\Downloads\8\ECommerce.Domain\ECommerce.Domain.csproj]
C:\Users\Lenovo\Downloads\8\ECommerce.Domain\DTOs\createproductinputdto.cs(37,16): error CS0246: The type or namespace name 'IFormFile' could not be found (are you missing a using directive or an assembly reference?) [C:\Users\Lenovo\Downloads\8\ECommerce.Domain\ECommerce.Domain.csproj]
C:\Users\Lenovo\Downloads\8\ECommerce.Domain\DTOs\couponsdto\createcouponinputdto.cs(5,18): warning CS8981: The type name 'createcouponinputdto' only contains lower-cased ascii characters. Such names may become reserved for the language. [C:\Users\Lenovo\Downloads\8\ECommerce.Domain\ECommerce.Domain.csproj]
C:\Users\Lenovo\Downloads\8\ECommerce.Domain\Interfaces\Iorderreprosity.cs(15,52): error CS0246: The type or namespace name 'updateinputorderdto' could not be found (are you missing a using directive or an assembly reference?) [C:\Users\Lenovo\Downloads\8\ECommerce.Domain\ECommerce.Domain.csproj]
C:\Users\Lenovo\Downloads\8\ECommerce.Domain\Interfaces\Iorderreprosity.cs(15,14): error CS0246: The type or namespace name 'orderresponsedto' could not be found (are you missing a using directive or an assembly reference?) [C:\Users\Lenovo\Downloads\8\ECommerce.Domain\ECommerce.Domain.csproj]
C:\Users\Lenovo\Downloads\8\ECommerce.Domain\DTOs\createproductinputdto.cs(48,16): error CS0246: The type or namespace name 'IFormFile' could not be found (are you missing a using directive or an assembly reference?) [C:\Users\Lenovo\Downloads\8\ECommerce.Domain\ECommerce.Domain.csproj]
C:\Users\Lenovo\Downloads\8\ECommerce.Domain\Models\product.cs(6,18): warning CS8981: The type name 'product' only contains lower-cased ascii characters. Such names may become reserved for the language. [C:\Users\Lenovo\Downloads\8\ECommerce.Domain\ECommerce.Domain.csproj]
C:\Users\Lenovo\Downloads\8\ECommerce.Domain\Models\seller.cs(6,18): warning CS8981: The type name 'seller' only contains lower-cased ascii characters. Such names may become reserved for the language. [C:\Users\Lenovo\Downloads\8\ECommerce.Domain\ECommerce.Domain.csproj]
C:\Users\Lenovo\Downloads\8\ECommerce.Domain\DTOs\couponsdto\ordercouponresponsedto.cs(3,18): warning CS8981: The type name 'ordercouponresponsedto' only contains lower-cased ascii characters. Such names may become reserved for the language. [C:\Users\Lenovo\Downloads\8\ECommerce.Domain\ECommerce.Domain.csproj]
C:\Users\Lenovo\Downloads\8\ECommerce.Domain\DTOs\couponsdto\updatecouponedto.cs(5,18): warning CS8981: The type name 'updatecouponedto' only contains lower-cased ascii characters. Such names may become reserved for the language. [C:\Users\Lenovo\Downloads\8\ECommerce.Domain\ECommerce.Domain.csproj]
C:\Users\Lenovo\Downloads\8\ECommerce.Domain\DTOs\couponsdto\usercouponinputdto.cs(3,18): warning CS8981: The type name 'usercouponinputdto' only contains lower-cased ascii characters. Such names may become reserved for the language. [C:\Users\Lenovo\Downloads\8\ECommerce.Domain\ECommerce.Domain.csproj]
C:\Users\Lenovo\Downloads\8\ECommerce.Domain\DTOs\orderdto\createorderitemsdto.cs(7,18): warning CS8981: The type name 'createorderitemsdto' only contains lower-cased ascii characters. Such names may become reserved for the language. [C:\Users\Lenovo\Downloads\8\ECommerce.Domain\ECommerce.Domain.csproj]
C:\Users\Lenovo\Downloads\8\ECommerce.Domain\DTOs\orderdto\createorderdto.cs(7,18): warning CS8981: The type name 'createorderdto' only contains lower-cased ascii characters. Such names may become reserved for the language. [C:\Users\Lenovo\Downloads\8\ECommerce.Domain\ECommerce.Domain.csproj]
C:\Users\Lenovo\Downloads\8\ECommerce.Domain\DTOs\orderdto\createsuborderdto.cs(6,18): warning CS8981: The type name 'createsuborderdto' only contains lower-cased ascii characters. Such names may become reserved for the language. [C:\Users\Lenovo\Downloads\8\ECommerce.Domain\ECommerce.Domain.csproj]
C:\Users\Lenovo\Downloads\8\ECommerce.Domain\DTOs\Customerdto.cs(29,18): warning CS8981: The type name 'customerupdatedto' only contains lower-cased ascii characters. Such names may become reserved for the language. [C:\Users\Lenovo\Downloads\8\ECommerce.Domain\ECommerce.Domain.csproj]
C:\Users\Lenovo\Downloads\8\ECommerce.Domain\Interfaces\Iproductreprosity.cs(9,118): warning CS8625: Cannot convert null literal to non-nullable reference type. [C:\Users\Lenovo\Downloads\8\ECommerce.Domain\ECommerce.Domain.csproj]
C:\Users\Lenovo\Downloads\8\ECommerce.Domain\Interfaces\Iproductreprosity.cs(15,133): warning CS8625: Cannot convert null literal to non-nullable reference type. [C:\Users\Lenovo\Downloads\8\ECommerce.Domain\ECommerce.Domain.csproj]
C:\Users\Lenovo\Downloads\8\ECommerce.Domain\DTOs\productdto.cs(8,18): warning CS8981: The type name 'productsdto' only contains lower-cased ascii characters. Such names may become reserved for the language. [C:\Users\Lenovo\Downloads\8\ECommerce.Domain\ECommerce.Domain.csproj]
C:\Users\Lenovo\Downloads\8\ECommerce.Domain\DTOs\orderdto\orderitemsdto.cs(6,18): warning CS8981: The type name 'orderitemsdto' only contains lower-cased ascii characters. Such names may become reserved for the language. [C:\Users\Lenovo\Downloads\8\ECommerce.Domain\ECommerce.Domain.csproj]
C:\Users\Lenovo\Downloads\8\ECommerce.Domain\DTOs\orderdto\suborderdto.cs(6,18): warning CS8981: The type name 'suborderdto' only contains lower-cased ascii characters. Such names may become reserved for the language. [C:\Users\Lenovo\Downloads\8\ECommerce.Domain\ECommerce.Domain.csproj]
C:\Users\Lenovo\Downloads\8\ECommerce.Domain\DTOs\createproductinputdto.cs(19,16): error CS0246: The type or namespace name 'IFormFile' could not be found (are you missing a using directive or an assembly reference?) [C:\Users\Lenovo\Downloads\8\ECommerce.Domain\ECommerce.Domain.csproj]
C:\Users\Lenovo\Downloads\8\ECommerce.Domain\DTOs\orderdto\orderresponsedto.cs(6,18): warning CS8981: The type name 'orderresponsedto' only contains lower-cased ascii characters. Such names may become reserved for the language. [C:\Users\Lenovo\Downloads\8\ECommerce.Domain\ECommerce.Domain.csproj]
C:\Users\Lenovo\Downloads\8\ECommerce.Domain\DTOs\orderdto\updateinputorderdto.cs(6,18): warning CS8981: The type name 'updateinputorderdto' only contains lower-cased ascii characters. Such names may become reserved for the language. [C:\Users\Lenovo\Downloads\8\ECommerce.Domain\ECommerce.Domain.csproj]
C:\Users\Lenovo\Downloads\8\ECommerce.Domain\DTOs\createproductinputdto.cs(20,21): error CS0246: The type or namespace name 'IFormFile' could not be found (are you missing a using directive or an assembly reference?) [C:\Users\Lenovo\Downloads\8\ECommerce.Domain\ECommerce.Domain.csproj]
C:\Users\Lenovo\Downloads\8\ECommerce.Domain\DTOs\Userdto.cs(5,18): warning CS8981: The type name 'useridandroledto' only contains lower-cased ascii characters. Such names may become reserved for the language. [C:\Users\Lenovo\Downloads\8\ECommerce.Domain\ECommerce.Domain.csproj]
C:\Users\Lenovo\Downloads\8\ECommerce.Domain\DTOs\Userdto.cs(26,18): warning CS8981: The type name 'addressresponsedto' only contains lower-cased ascii characters. Such names may become reserved for the language. [C:\Users\Lenovo\Downloads\8\ECommerce.Domain\ECommerce.Domain.csproj]
C:\Users\Lenovo\Downloads\8\ECommerce.Domain\DTOs\updateproductdto.cs(39,17): error CS0246: The type or namespace name 'IFormFile' could not be found (are you missing a using directive or an assembly reference?) [C:\Users\Lenovo\Downloads\8\ECommerce.Domain\ECommerce.Domain.csproj]
C:\Users\Lenovo\Downloads\8\ECommerce.Domain\DTOs\updateproductdto.cs(18,16): error CS0246: The type or namespace name 'IFormFile' could not be found (are you missing a using directive or an assembly reference?) [C:\Users\Lenovo\Downloads\8\ECommerce.Domain\ECommerce.Domain.csproj]
C:\Users\Lenovo\Downloads\8\ECommerce.Domain\DTOs\updateproductdto.cs(19,21): error CS0246: The type or namespace name 'IFormFile' could not be found (are you missing a using directive or an assembly reference?) [C:\Users\Lenovo\Downloads\8\ECommerce.Domain\ECommerce.Domain.csproj]
C:\Users\Lenovo\Downloads\8\ECommerce.Domain\DTOs\productdto.cs(22,18): warning CS8981: The type name 'productresponsedto' only contains lower-cased ascii characters. Such names may become reserved for the language. [C:\Users\Lenovo\Downloads\8\ECommerce.Domain\ECommerce.Domain.csproj]
C:\Users\Lenovo\Downloads\8\ECommerce.Domain\DTOs\updateproductdto.cs(5,18): warning CS8981: The type name 'updateproductinputdto' only contains lower-cased ascii characters. Such names may become reserved for the language. [C:\Users\Lenovo\Downloads\8\ECommerce.Domain\ECommerce.Domain.csproj]

Build FAILED.

C:\Users\Lenovo\Downloads\8\ECommerce.Domain\Enums\cartstatueenum.cs(3,17): warning CS8981: The type name 'cartstatue' only contains lower-cased ascii characters. Such names may become reserved for the language. [C:\Users\Lenovo\Downloads\8\ECommerce.Domain\ECommerce.Domain.csproj]
C:\Users\Lenovo\Downloads\8\ECommerce.Domain\Enums\sortdirection.cs(3,17): warning CS8981: The type name 'sortdirection' only contains lower-cased ascii characters. Such names may become reserved for the language. [C:\Users\Lenovo\Downloads\8\ECommerce.Domain\ECommerce.Domain.csproj]
C:\Users\Lenovo\Downloads\8\ECommerce.Domain\DTOs\addproductattrvaluedto.cs(3,18): warning CS8981: The type name 'addproductattrvaluedto' only contains lower-cased ascii characters. Such names may become reserved for the language. [C:\Users\Lenovo\Downloads\8\ECommerce.Domain\ECommerce.Domain.csproj]
C:\Users\Lenovo\Downloads\8\ECommerce.Domain\DTOs\addproductattrvaluedto.cs(10,18): warning CS8981: The type name 'productattributevalueresponse' only contains lower-cased ascii characters. Such names may become reserved for the language. [C:\Users\Lenovo\Downloads\8\ECommerce.Domain\ECommerce.Domain.csproj]
C:\Users\Lenovo\Downloads\8\ECommerce.Domain\DTOs\Addproductvariantdto.cs(46,18): warning CS8981: The type name 'productvariantresponsedto' only contains lower-cased ascii characters. Such names may become reserved for the language. [C:\Users\Lenovo\Downloads\8\ECommerce.Domain\ECommerce.Domain.csproj]
C:\Users\Lenovo\Downloads\8\ECommerce.Domain\DTOs\addproductattrvaluedto.cs(14,18): warning CS8981: The type name 'updateproductattributevaluedto' only contains lower-cased ascii characters. Such names may become reserved for the language. [C:\Users\Lenovo\Downloads\8\ECommerce.Domain\ECommerce.Domain.csproj]
C:\Users\Lenovo\Downloads\8\ECommerce.Domain\Models\address.cs(6,18): warning CS8981: The type name 'address' only contains lower-cased ascii characters. Such names may become reserved for the language. [C:\Users\Lenovo\Downloads\8\ECommerce.Domain\ECommerce.Domain.csproj]
C:\Users\Lenovo\Downloads\8\ECommerce.Domain\Models\applicationuser.cs(6,18): warning CS8981: The type name 'applicationuser' only contains lower-cased ascii characters. Such names may become reserved for the language. [C:\Users\Lenovo\Downloads\8\ECommerce.Domain\ECommerce.Domain.csproj]
C:\Users\Lenovo\Downloads\8\ECommerce.Domain\DTOs\AuthDto.cs(35,18): warning CS8981: The type name 'registerdto' only contains lower-cased ascii characters. Such names may become reserved for the language. [C:\Users\Lenovo\Downloads\8\ECommerce.Domain\ECommerce.Domain.csproj]
C:\Users\Lenovo\Downloads\8\ECommerce.Domain\DTOs\AuthDto.cs(51,18): warning CS8981: The type name 'addressdto' only contains lower-cased ascii characters. Such names may become reserved for the language. [C:\Users\Lenovo\Downloads\8\ECommerce.Domain\ECommerce.Domain.csproj]
C:\Users\Lenovo\Downloads\8\ECommerce.Domain\Models\category.cs(5,18): warning CS8981: The type name 'category' only contains lower-cased ascii characters. Such names may become reserved for the language. [C:\Users\Lenovo\Downloads\8\ECommerce.Domain\ECommerce.Domain.csproj]
C:\Users\Lenovo\Downloads\8\ECommerce.Domain\DTOs\AuthDto.cs(61,18): warning CS8981: The type name 'logindto' only contains lower-cased ascii characters. Such names may become reserved for the language. [C:\Users\Lenovo\Downloads\8\ECommerce.Domain\ECommerce.Domain.csproj]
C:\Users\Lenovo\Downloads\8\ECommerce.Domain\DTOs\AuthDto.cs(68,18): warning CS8981: The type name 'roledto' only contains lower-cased ascii characters. Such names may become reserved for the language. [C:\Users\Lenovo\Downloads\8\ECommerce.Domain\ECommerce.Domain.csproj]
C:\Users\Lenovo\Downloads\8\ECommerce.Domain\Models\admin.cs(6,18): warning CS8981: The type name 'admin' only contains lower-cased ascii characters. Such names may become reserved for the language. [C:\Users\Lenovo\Downloads\8\ECommerce.Domain\ECommerce.Domain.csproj]
C:\Users\Lenovo\Downloads\8\ECommerce.Domain\DTOs\cartdto\cartdto.cs(5,18): warning CS8981: The type name 'cartdto' only contains lower-cased ascii characters. Such names may become reserved for the language. [C:\Users\Lenovo\Downloads\8\ECommerce.Domain\ECommerce.Domain.csproj]
C:\Users\Lenovo\Downloads\8\ECommerce.Domain\DTOs\CategoryDto.cs(16,18): warning CS8981: The type name 'categoryresponse' only contains lower-cased ascii characters. Such names may become reserved for the language. [C:\Users\Lenovo\Downloads\8\ECommerce.Domain\ECommerce.Domain.csproj]
C:\Users\Lenovo\Downloads\8\ECommerce.Domain\DTOs\CategoryDto.cs(20,18): warning CS8981: The type name 'updatecatresponsedto' only contains lower-cased ascii characters. Such names may become reserved for the language. [C:\Users\Lenovo\Downloads\8\ECommerce.Domain\ECommerce.Domain.csproj]
C:\Users\Lenovo\Downloads\8\ECommerce.Domain\Models\customer.cs(7,18): warning CS8981: The type name 'customer' only contains lower-cased ascii characters. Such names may become reserved for the language. [C:\Users\Lenovo\Downloads\8\ECommerce.Domain\ECommerce.Domain.csproj]
C:\Users\Lenovo\Downloads\8\ECommerce.Domain\Models\order.cs(7,18): warning CS8981: The type name 'order' only contains lower-cased ascii characters. Such names may become reserved for the language. [C:\Users\Lenovo\Downloads\8\ECommerce.Domain\ECommerce.Domain.csproj]
C:\Users\Lenovo\Downloads\8\ECommerce.Domain\DTOs\cartdto\cartiteminputdto.cs(5,18): warning CS8981: The type name 'cartiteminputdto' only contains lower-cased ascii characters. Such names may become reserved for the language. [C:\Users\Lenovo\Downloads\8\ECommerce.Domain\ECommerce.Domain.csproj]
C:\Users\Lenovo\Downloads\8\ECommerce.Domain\DTOs\cartdto\updatecartitem.cs(6,18): warning CS8981: The type name 'updatecartitem' only contains lower-cased ascii characters. Such names may become reserved for the language. [C:\Users\Lenovo\Downloads\8\ECommerce.Domain\ECommerce.Domain.csproj]
C:\Users\Lenovo\Downloads\8\ECommerce.Domain\DTOs\couponsdto\couponresponsedto.cs(5,18): warning CS8981: The type name 'couponresponsedto' only contains lower-cased ascii characters. Such names may become reserved for the language. [C:\Users\Lenovo\Downloads\8\ECommerce.Domain\ECommerce.Domain.csproj]
C:\Users\Lenovo\Downloads\8\ECommerce.Domain\Models\productview.cs(6,18): warning CS8981: The type name 'productview' only contains lower-cased ascii characters. Such names may become reserved for the language. [C:\Users\Lenovo\Downloads\8\ECommerce.Domain\ECommerce.Domain.csproj]
C:\Users\Lenovo\Downloads\8\ECommerce.Domain\DTOs\couponsdto\createcouponinputdto.cs(5,18): warning CS8981: The type name 'createcouponinputdto' only contains lower-cased ascii characters. Such names may become reserved for the language. [C:\Users\Lenovo\Downloads\8\ECommerce.Domain\ECommerce.Domain.csproj]
C:\Users\Lenovo\Downloads\8\ECommerce.Domain\Models\product.cs(6,18): warning CS8981: The type name 'product' only contains lower-cased ascii characters. Such names may become reserved for the language. [C:\Users\Lenovo\Downloads\8\ECommerce.Domain\ECommerce.Domain.csproj]
C:\Users\Lenovo\Downloads\8\ECommerce.Domain\Models\seller.cs(6,18): warning CS8981: The type name 'seller' only contains lower-cased ascii characters. Such names may become reserved for the language. [C:\Users\Lenovo\Downloads\8\ECommerce.Domain\ECommerce.Domain.csproj]
C:\Users\Lenovo\Downloads\8\ECommerce.Domain\DTOs\couponsdto\ordercouponresponsedto.cs(3,18): warning CS8981: The type name 'ordercouponresponsedto' only contains lower-cased ascii characters. Such names may become reserved for the language. [C:\Users\Lenovo\Downloads\8\ECommerce.Domain\ECommerce.Domain.csproj]
C:\Users\Lenovo\Downloads\8\ECommerce.Domain\DTOs\couponsdto\updatecouponedto.cs(5,18): warning CS8981: The type name 'updatecouponedto' only contains lower-cased ascii characters. Such names may become reserved for the language. [C:\Users\Lenovo\Downloads\8\ECommerce.Domain\ECommerce.Domain.csproj]
C:\Users\Lenovo\Downloads\8\ECommerce.Domain\DTOs\couponsdto\usercouponinputdto.cs(3,18): warning CS8981: The type name 'usercouponinputdto' only contains lower-cased ascii characters. Such names may become reserved for the language. [C:\Users\Lenovo\Downloads\8\ECommerce.Domain\ECommerce.Domain.csproj]
C:\Users\Lenovo\Downloads\8\ECommerce.Domain\DTOs\orderdto\createorderitemsdto.cs(7,18): warning CS8981: The type name 'createorderitemsdto' only contains lower-cased ascii characters. Such names may become reserved for the language. [C:\Users\Lenovo\Downloads\8\ECommerce.Domain\ECommerce.Domain.csproj]
C:\Users\Lenovo\Downloads\8\ECommerce.Domain\DTOs\orderdto\createorderdto.cs(7,18): warning CS8981: The type name 'createorderdto' only contains lower-cased ascii characters. Such names may become reserved for the language. [C:\Users\Lenovo\Downloads\8\ECommerce.Domain\ECommerce.Domain.csproj]
C:\Users\Lenovo\Downloads\8\ECommerce.Domain\DTOs\orderdto\createsuborderdto.cs(6,18): warning CS8981: The type name 'createsuborderdto' only contains lower-cased ascii characters. Such names may become reserved for the language. [C:\Users\Lenovo\Downloads\8\ECommerce.Domain\ECommerce.Domain.csproj]
C:\Users\Lenovo\Downloads\8\ECommerce.Domain\DTOs\Customerdto.cs(29,18): warning CS8981: The type name 'customerupdatedto' only contains lower-cased ascii characters. Such names may become reserved for the language. [C:\Users\Lenovo\Downloads\8\ECommerce.Domain\ECommerce.Domain.csproj]
C:\Users\Lenovo\Downloads\8\ECommerce.Domain\Interfaces\Iproductreprosity.cs(9,118): warning CS8625: Cannot convert null literal to non-nullable reference type. [C:\Users\Lenovo\Downloads\8\ECommerce.Domain\ECommerce.Domain.csproj]
C:\Users\Lenovo\Downloads\8\ECommerce.Domain\Interfaces\Iproductreprosity.cs(15,133): warning CS8625: Cannot convert null literal to non-nullable reference type. [C:\Users\Lenovo\Downloads\8\ECommerce.Domain\ECommerce.Domain.csproj]
C:\Users\Lenovo\Downloads\8\ECommerce.Domain\DTOs\productdto.cs(8,18): warning CS8981: The type name 'productsdto' only contains lower-cased ascii characters. Such names may become reserved for the language. [C:\Users\Lenovo\Downloads\8\ECommerce.Domain\ECommerce.Domain.csproj]
C:\Users\Lenovo\Downloads\8\ECommerce.Domain\DTOs\orderdto\orderitemsdto.cs(6,18): warning CS8981: The type name 'orderitemsdto' only contains lower-cased ascii characters. Such names may become reserved for the language. [C:\Users\Lenovo\Downloads\8\ECommerce.Domain\ECommerce.Domain.csproj]
C:\Users\Lenovo\Downloads\8\ECommerce.Domain\DTOs\orderdto\suborderdto.cs(6,18): warning CS8981: The type name 'suborderdto' only contains lower-cased ascii characters. Such names may become reserved for the language. [C:\Users\Lenovo\Downloads\8\ECommerce.Domain\ECommerce.Domain.csproj]
C:\Users\Lenovo\Downloads\8\ECommerce.Domain\DTOs\orderdto\orderresponsedto.cs(6,18): warning CS8981: The type name 'orderresponsedto' only contains lower-cased ascii characters. Such names may become reserved for the language. [C:\Users\Lenovo\Downloads\8\ECommerce.Domain\ECommerce.Domain.csproj]
C:\Users\Lenovo\Downloads\8\ECommerce.Domain\DTOs\orderdto\updateinputorderdto.cs(6,18): warning CS8981: The type name 'updateinputorderdto' only contains lower-cased ascii characters. Such names may become reserved for the language. [C:\Users\Lenovo\Downloads\8\ECommerce.Domain\ECommerce.Domain.csproj]
C:\Users\Lenovo\Downloads\8\ECommerce.Domain\DTOs\Userdto.cs(5,18): warning CS8981: The type name 'useridandroledto' only contains lower-cased ascii characters. Such names may become reserved for the language. [C:\Users\Lenovo\Downloads\8\ECommerce.Domain\ECommerce.Domain.csproj]
C:\Users\Lenovo\Downloads\8\ECommerce.Domain\DTOs\Userdto.cs(26,18): warning CS8981: The type name 'addressresponsedto' only contains lower-cased ascii characters. Such names may become reserved for the language. [C:\Users\Lenovo\Downloads\8\ECommerce.Domain\ECommerce.Domain.csproj]
C:\Users\Lenovo\Downloads\8\ECommerce.Domain\DTOs\productdto.cs(22,18): warning CS8981: The type name 'productresponsedto' only contains lower-cased ascii characters. Such names may become reserved for the language. [C:\Users\Lenovo\Downloads\8\ECommerce.Domain\ECommerce.Domain.csproj]
C:\Users\Lenovo\Downloads\8\ECommerce.Domain\DTOs\updateproductdto.cs(5,18): warning CS8981: The type name 'updateproductinputdto' only contains lower-cased ascii characters. Such names may become reserved for the language. [C:\Users\Lenovo\Downloads\8\ECommerce.Domain\ECommerce.Domain.csproj]
C:\Users\Lenovo\Downloads\8\ECommerce.Domain\DTOs\ApiErrorResponse.cs(1,28): error CS0234: The type or namespace name 'Mvc' does not exist in the namespace 'Microsoft.AspNetCore' (are you missing an assembly reference?) [C:\Users\Lenovo\Downloads\8\ECommerce.Domain\ECommerce.Domain.csproj]
C:\Users\Lenovo\Downloads\8\ECommerce.Domain\DTOs\cartdto\updatecartitem.cs(1,28): error CS0234: The type or namespace name 'Mvc' does not exist in the namespace 'Microsoft.AspNetCore' (are you missing an assembly reference?) [C:\Users\Lenovo\Downloads\8\ECommerce.Domain\ECommerce.Domain.csproj]
C:\Users\Lenovo\Downloads\8\ECommerce.Domain\DTOs\couponsdto\couponresponsedto.cs(1,7): error CS0246: The type or namespace name 'e_comerce_api' could not be found (are you missing a using directive or an assembly reference?) [C:\Users\Lenovo\Downloads\8\ECommerce.Domain\ECommerce.Domain.csproj]
C:\Users\Lenovo\Downloads\8\ECommerce.Domain\Interfaces\Icartreprosity.cs(1,7): error CS0246: The type or namespace name 'e_comerce_api' could not be found (are you missing a using directive or an assembly reference?) [C:\Users\Lenovo\Downloads\8\ECommerce.Domain\ECommerce.Domain.csproj]
C:\Users\Lenovo\Downloads\8\ECommerce.Domain\Interfaces\ICopounereprosity.cs(1,7): error CS0246: The type or namespace name 'e_comerce_api' could not be found (are you missing a using directive or an assembly reference?) [C:\Users\Lenovo\Downloads\8\ECommerce.Domain\ECommerce.Domain.csproj]
C:\Users\Lenovo\Downloads\8\ECommerce.Domain\Interfaces\Iorderreprosity.cs(2,7): error CS0246: The type or namespace name 'e_comerce_api' could not be found (are you missing a using directive or an assembly reference?) [C:\Users\Lenovo\Downloads\8\ECommerce.Domain\ECommerce.Domain.csproj]
C:\Users\Lenovo\Downloads\8\ECommerce.Domain\Models\customer.cs(1,17): error CS0234: The type or namespace name 'Infrastructure' does not exist in the namespace 'ECommerce' (are you missing an assembly reference?) [C:\Users\Lenovo\Downloads\8\ECommerce.Domain\ECommerce.Domain.csproj]
C:\Users\Lenovo\Downloads\8\ECommerce.Domain\Models\order.cs(3,14): error CS0246: The type or namespace name 'Azure' could not be found (are you missing a using directive or an assembly reference?) [C:\Users\Lenovo\Downloads\8\ECommerce.Domain\ECommerce.Domain.csproj]
C:\Users\Lenovo\Downloads\8\ECommerce.Domain\Models\ProductAttributiesValue.cs(1,28): error CS0234: The type or namespace name 'Mvc' does not exist in the namespace 'Microsoft.AspNetCore' (are you missing an assembly reference?) [C:\Users\Lenovo\Downloads\8\ECommerce.Domain\ECommerce.Domain.csproj]
C:\Users\Lenovo\Downloads\8\ECommerce.Domain\Interfaces\Icartreprosity.cs(10,14): error CS0246: The type or namespace name 'cartdto' could not be found (are you missing a using directive or an assembly reference?) [C:\Users\Lenovo\Downloads\8\ECommerce.Domain\ECommerce.Domain.csproj]
C:\Users\Lenovo\Downloads\8\ECommerce.Domain\DTOs\ApiErrorResponse.cs(5,39): error CS0246: The type or namespace name 'ModelStateDictionary' could not be found (are you missing a using directive or an assembly reference?) [C:\Users\Lenovo\Downloads\8\ECommerce.Domain\ECommerce.Domain.csproj]
C:\Users\Lenovo\Downloads\8\ECommerce.Domain\Interfaces\Icartreprosity.cs(12,14): error CS0246: The type or namespace name 'CartItemDto' could not be found (are you missing a using directive or an assembly reference?) [C:\Users\Lenovo\Downloads\8\ECommerce.Domain\ECommerce.Domain.csproj]
C:\Users\Lenovo\Downloads\8\ECommerce.Domain\DTOs\Addproductvariantdto.cs(34,16): error CS0246: The type or namespace name 'IFormFile' could not be found (are you missing a using directive or an assembly reference?) [C:\Users\Lenovo\Downloads\8\ECommerce.Domain\ECommerce.Domain.csproj]
C:\Users\Lenovo\Downloads\8\ECommerce.Domain\Interfaces\Icartreprosity.cs(15,55): error CS0246: The type or namespace name 'cartiteminputdto' could not be found (are you missing a using directive or an assembly reference?) [C:\Users\Lenovo\Downloads\8\ECommerce.Domain\ECommerce.Domain.csproj]
C:\Users\Lenovo\Downloads\8\ECommerce.Domain\Interfaces\Icartreprosity.cs(15,14): error CS0246: The type or namespace name 'CartItemDto' could not be found (are you missing a using directive or an assembly reference?) [C:\Users\Lenovo\Downloads\8\ECommerce.Domain\ECommerce.Domain.csproj]
C:\Users\Lenovo\Downloads\8\ECommerce.Domain\Interfaces\Icartreprosity.cs(18,65): error CS0246: The type or namespace name 'updatecartitem' could not be found (are you missing a using directive or an assembly reference?) [C:\Users\Lenovo\Downloads\8\ECommerce.Domain\ECommerce.Domain.csproj]
C:\Users\Lenovo\Downloads\8\ECommerce.Domain\Interfaces\Icartreprosity.cs(18,14): error CS0246: The type or namespace name 'CartItemDto' could not be found (are you missing a using directive or an assembly reference?) [C:\Users\Lenovo\Downloads\8\ECommerce.Domain\ECommerce.Domain.csproj]
C:\Users\Lenovo\Downloads\8\ECommerce.Domain\DTOs\CategoryDto.cs(13,16): error CS0246: The type or namespace name 'IFormFile' could not be found (are you missing a using directive or an assembly reference?) [C:\Users\Lenovo\Downloads\8\ECommerce.Domain\ECommerce.Domain.csproj]
C:\Users\Lenovo\Downloads\8\ECommerce.Domain\Interfaces\ICopounereprosity.cs(7,54): error CS0246: The type or namespace name 'createcouponinputdto' could not be found (are you missing a using directive or an assembly reference?) [C:\Users\Lenovo\Downloads\8\ECommerce.Domain\ECommerce.Domain.csproj]
C:\Users\Lenovo\Downloads\8\ECommerce.Domain\Interfaces\ICopounereprosity.cs(7,21): error CS0246: The type or namespace name 'couponresponsedto' could not be found (are you missing a using directive or an assembly reference?) [C:\Users\Lenovo\Downloads\8\ECommerce.Domain\ECommerce.Domain.csproj]
C:\Users\Lenovo\Downloads\8\ECommerce.Domain\DTOs\CategoryDto.cs(27,16): error CS0246: The type or namespace name 'IFormFile' could not be found (are you missing a using directive or an assembly reference?) [C:\Users\Lenovo\Downloads\8\ECommerce.Domain\ECommerce.Domain.csproj]
C:\Users\Lenovo\Downloads\8\ECommerce.Domain\Interfaces\ICopounereprosity.cs(9,21): error CS0246: The type or namespace name 'couponresponsedto' could not be found (are you missing a using directive or an assembly reference?) [C:\Users\Lenovo\Downloads\8\ECommerce.Domain\ECommerce.Domain.csproj]
C:\Users\Lenovo\Downloads\8\ECommerce.Domain\Interfaces\Iorderreprosity.cs(8,44): error CS0246: The type or namespace name 'createorderdto' could not be found (are you missing a using directive or an assembly reference?) [C:\Users\Lenovo\Downloads\8\ECommerce.Domain\ECommerce.Domain.csproj]
C:\Users\Lenovo\Downloads\8\ECommerce.Domain\Interfaces\Iorderreprosity.cs(8,14): error CS0246: The type or namespace name 'orderresponsedto' could not be found (are you missing a using directive or an assembly reference?) [C:\Users\Lenovo\Downloads\8\ECommerce.Domain\ECommerce.Domain.csproj]
C:\Users\Lenovo\Downloads\8\ECommerce.Domain\Interfaces\Iorderreprosity.cs(9,14): error CS0246: The type or namespace name 'orderresponsedto' could not be found (are you missing a using directive or an assembly reference?) [C:\Users\Lenovo\Downloads\8\ECommerce.Domain\ECommerce.Domain.csproj]
C:\Users\Lenovo\Downloads\8\ECommerce.Domain\Interfaces\ICopounereprosity.cs(10,54): error CS0246: The type or namespace name 'updatecouponedto' could not be found (are you missing a using directive or an assembly reference?) [C:\Users\Lenovo\Downloads\8\ECommerce.Domain\ECommerce.Domain.csproj]
C:\Users\Lenovo\Downloads\8\ECommerce.Domain\Interfaces\ICopounereprosity.cs(10,21): error CS0246: The type or namespace name 'couponresponsedto' could not be found (are you missing a using directive or an assembly reference?) [C:\Users\Lenovo\Downloads\8\ECommerce.Domain\ECommerce.Domain.csproj]
C:\Users\Lenovo\Downloads\8\ECommerce.Domain\Interfaces\Iorderreprosity.cs(10,19): error CS0246: The type or namespace name 'orderresponsedto' could not be found (are you missing a using directive or an assembly reference?) [C:\Users\Lenovo\Downloads\8\ECommerce.Domain\ECommerce.Domain.csproj]
C:\Users\Lenovo\Downloads\8\ECommerce.Domain\Interfaces\Iorderreprosity.cs(12,19): error CS0246: The type or namespace name 'orderresponsedto' could not be found (are you missing a using directive or an assembly reference?) [C:\Users\Lenovo\Downloads\8\ECommerce.Domain\ECommerce.Domain.csproj]
C:\Users\Lenovo\Downloads\8\ECommerce.Domain\DTOs\createproductinputdto.cs(37,16): error CS0246: The type or namespace name 'IFormFile' could not be found (are you missing a using directive or an assembly reference?) [C:\Users\Lenovo\Downloads\8\ECommerce.Domain\ECommerce.Domain.csproj]
C:\Users\Lenovo\Downloads\8\ECommerce.Domain\Interfaces\Iorderreprosity.cs(15,52): error CS0246: The type or namespace name 'updateinputorderdto' could not be found (are you missing a using directive or an assembly reference?) [C:\Users\Lenovo\Downloads\8\ECommerce.Domain\ECommerce.Domain.csproj]
C:\Users\Lenovo\Downloads\8\ECommerce.Domain\Interfaces\Iorderreprosity.cs(15,14): error CS0246: The type or namespace name 'orderresponsedto' could not be found (are you missing a using directive or an assembly reference?) [C:\Users\Lenovo\Downloads\8\ECommerce.Domain\ECommerce.Domain.csproj]
C:\Users\Lenovo\Downloads\8\ECommerce.Domain\DTOs\createproductinputdto.cs(48,16): error CS0246: The type or namespace name 'IFormFile' could not be found (are you missing a using directive or an assembly reference?) [C:\Users\Lenovo\Downloads\8\ECommerce.Domain\ECommerce.Domain.csproj]
C:\Users\Lenovo\Downloads\8\ECommerce.Domain\DTOs\createproductinputdto.cs(19,16): error CS0246: The type or namespace name 'IFormFile' could not be found (are you missing a using directive or an assembly reference?) [C:\Users\Lenovo\Downloads\8\ECommerce.Domain\ECommerce.Domain.csproj]
C:\Users\Lenovo\Downloads\8\ECommerce.Domain\DTOs\createproductinputdto.cs(20,21): error CS0246: The type or namespace name 'IFormFile' could not be found (are you missing a using directive or an assembly reference?) [C:\Users\Lenovo\Downloads\8\ECommerce.Domain\ECommerce.Domain.csproj]
C:\Users\Lenovo\Downloads\8\ECommerce.Domain\DTOs\updateproductdto.cs(39,17): error CS0246: The type or namespace name 'IFormFile' could not be found (are you missing a using directive or an assembly reference?) [C:\Users\Lenovo\Downloads\8\ECommerce.Domain\ECommerce.Domain.csproj]
C:\Users\Lenovo\Downloads\8\ECommerce.Domain\DTOs\updateproductdto.cs(18,16): error CS0246: The type or namespace name 'IFormFile' could not be found (are you missing a using directive or an assembly reference?) [C:\Users\Lenovo\Downloads\8\ECommerce.Domain\ECommerce.Domain.csproj]
C:\Users\Lenovo\Downloads\8\ECommerce.Domain\DTOs\updateproductdto.cs(19,21): error CS0246: The type or namespace name 'IFormFile' could not be found (are you missing a using directive or an assembly reference?) [C:\Users\Lenovo\Downloads\8\ECommerce.Domain\ECommerce.Domain.csproj]
    44 Warning(s)
    38 Error(s)

Time Elapsed 00:00:02.02

Workload updates are available. Run `dotnet workload list` for more information.
